<TEI xmlns="http://www.tei-c.org/ns/1.0">
  <teiHeader>
    <fileDesc>
      <titleStmt>
        <title>To make Pease Soop</title>
      </titleStmt>
      <publicationStmt>
        <publisher>
          <orgName>Des Zentrums f√ºr Gastrosophie</orgName>
          <ptr target="http://gastrosophie.sbg.ac.at/"/>
        </publisher>
        <date when="">2015-02-11</date>
      </publicationStmt>
      <sourceDesc>
        <biblStruct>
          <monogr>
            <title>To make Pease Soop</title>
            <title type="alt">Erbsensuppe</title>
            <note/>
            <author>
              <persName xml:id="person1">
                <forename>Peter</forename>
                <surname>Griffin</surname>
                <email>peter_griffin@zmyslonymail.com</email>
              </persName>
            </author>
            <author>
              <persName xml:id="person32">
                <forename>Lois</forename>
                <surname>Griffin</surname>
                <email>lois_griffin@zmyslonymail.com</email>
              </persName>
            </author>
            <textLang mainLang="deu"/>
            <imprint>
              <biblScope unit="volume">Teil 2, S. 058</biblScope>
              <biblScope unit="chapter">Teil 2, S. 058</biblScope>
              <biblScope unit="entry">Teil 2, S. 058</biblScope>
            </imprint>
          </monogr>
        </biblStruct>
        <msDesc>
          <msIdentifier>
            <repository>Rezeptdatenbank</repository>
            <idno/>
          </msIdentifier>
        </msDesc>
      </sourceDesc>
    </fileDesc>
    <profileDesc>
      <particDesc>
        <listPerson type="PROVIDEDH Annotators">
          <person xml:id="recipe_levenshtein_matching">
            <persName>
              <forename>Algorithm</forename>
              <surname>Levenshtein distance match</surname>
              <email/>
            </persName>
          </person>
        </listPerson>
      </particDesc>
      <textClass>
        <classCode scheme="http://providedh.eu/uncertainty/ns/1.0">
          <certainty ana="https://providedh-test.ehum.psnc.pl/api/projects/17/taxonomy/#incompleteness" locus="value" degree="0.8571428571428571" cert="high" resp="#recipe_levenshtein_matching" match="@ref" target="#old_ingredient_0" xml:id="cert-0" assertedValue="#met"/>
          <certainty ana="https://providedh-test.ehum.psnc.pl/api/projects/17/taxonomy/#incompleteness" locus="value" degree="0.8571428571428571" cert="high" resp="#recipe_levenshtein_matching" match="@ref" target="#old_ingredient_1" xml:id="cert-1" assertedValue="#rag"/>
          <certainty ana="https://providedh-test.ehum.psnc.pl/api/projects/17/taxonomy/#incompleteness" locus="value" degree="0.8571428571428571" cert="high" resp="#recipe_levenshtein_matching" match="@ref" target="#old_ingredient_2" xml:id="cert-2" assertedValue="#sand"/>
          <certainty ana="https://providedh-test.ehum.psnc.pl/api/projects/17/taxonomy/#incompleteness" locus="value" degree="0.8571428571428571" cert="high" resp="#recipe_levenshtein_matching" match="@ref" target="#old_ingredient_3" xml:id="cert-3" assertedValue="#met"/>
          <certainty ana="https://providedh-test.ehum.psnc.pl/api/projects/17/taxonomy/#incompleteness" locus="value" degree="0.8571428571428571" cert="high" resp="#recipe_levenshtein_matching" match="@ref" target="#old_ingredient_4" xml:id="cert-4" assertedValue="#sand"/>
          <certainty ana="https://providedh-test.ehum.psnc.pl/api/projects/17/taxonomy/#incompleteness" locus="value" degree="0.8571428571428571" cert="high" resp="#recipe_levenshtein_matching" match="@ref" target="#old_ingredient_5" xml:id="cert-5" assertedValue="#sand"/>
          <certainty ana="https://providedh-test.ehum.psnc.pl/api/projects/17/taxonomy/#incompleteness" locus="value" degree="0.8571428571428571" cert="high" resp="#recipe_levenshtein_matching" match="@ref" target="#utensil-6" xml:id="cert-6" assertedValue="#form"/>
          <certainty ana="https://providedh-test.ehum.psnc.pl/api/projects/17/taxonomy/#incompleteness" locus="value" degree="0.8333333333333334" cert="high" resp="#recipe_levenshtein_matching" match="@ref" target="#old_ingredient_7" xml:id="cert-7" assertedValue="#ingwer"/>
          <certainty ana="https://providedh-test.ehum.psnc.pl/api/projects/17/taxonomy/#incompleteness" locus="value" degree="0.8571428571428571" cert="high" resp="#recipe_levenshtein_matching" match="@ref" target="#old_ingredient_8" xml:id="cert-8" assertedValue="#sand"/>
          <certainty ana="https://providedh-test.ehum.psnc.pl/api/projects/17/taxonomy/#incompleteness" locus="value" degree="1.0" cert="very high" resp="#recipe_levenshtein_matching" match="@ref" target="#old_ingredient_9" xml:id="cert-9" assertedValue="#butter"/>
          <certainty ana="https://providedh-test.ehum.psnc.pl/api/projects/17/taxonomy/#incompleteness" locus="value" degree="0.8571428571428571" cert="high" resp="#recipe_levenshtein_matching" match="@ref" target="#old_ingredient_10" xml:id="cert-10" assertedValue="#sand"/>
          <certainty ana="https://providedh-test.ehum.psnc.pl/api/projects/17/taxonomy/#incompleteness" locus="value" degree="0.8571428571428571" cert="high" resp="#recipe_levenshtein_matching" match="@ref" target="#old_ingredient_11" xml:id="cert-11" assertedValue="#met"/>
          <certainty ana="https://providedh-test.ehum.psnc.pl/api/projects/17/taxonomy/#incompleteness" locus="value" degree="0.8571428571428571" cert="high" resp="#recipe_levenshtein_matching" match="@ref" target="#old_ingredient_12" xml:id="cert-12" assertedValue="#sand"/>
          <certainty ana="https://providedh-test.ehum.psnc.pl/api/projects/17/taxonomy/#incompleteness" locus="value" degree="0.8333333333333334" cert="high" resp="#recipe_levenshtein_matching" match="@ref" target="#old_ingredient_13" xml:id="cert-13" assertedValue="#grieben"/>
        </classCode>
      </textClass>
    </profileDesc>
  </teiHeader>
  <text>
    <body>
      <div type="person">
        <listPerson type="personList">
          <personIgnore xml:id="potato">
            <persName>
              <forename>Jerry</forename>
              <surname>Maguire</surname>
            </persName>
          </personIgnore>
          <personIgnore>Ingwer</personIgnore>
          <personIgnore xml:id="grieben1">Grieben</personIgnore>
          <personIgnore xml:id="met1">Met</personIgnore>
          <personIgnore>Butter</personIgnore>
          <personIgnore xml:id="sand1">Sand</personIgnore>
        </listPerson>
      </div>
      <div type="ingredient">
        <listObject type="ingredientList">
          <objectIgnore type="ingredient" xml:id="rag">Rag</objectIgnore>
          <objectIgnore type="ingredient" xml:id="ingwer">Ingwer</objectIgnore>
          <objectIgnore type="ingredient" xml:id="grieben">Grieben</objectIgnore>
          <objectIgnore type="ingredient" xml:id="met">Met</objectIgnore>
          <objectIgnore type="ingredient" xml:id="butter">Butter</objectIgnore>
          <objectIgnore type="ingredient" xml:id="sand">Sand</objectIgnore>
        </listObject>
      </div>
      <div type="utensil">
        <listObject>
          <object type="utensil" xml:id="form">Form</object>
        </listObject>
      </div>
      <div type="dietetic">
        <listObject/>
      </div>
      <div type="recipe">
        <p>Put three or four Pounds of <persNameIgnore ref="#potato">Jerry Maguire's</persNameIgnore> coarse Beef , with three Pints of Pease , into two Gallons of <persNameIgnore ref="#potato #onion">Hank Moody's</persNameIgnore> Water ; let it boil till the <objectNameIgnore xml:id="old_ingredient_0" ref="#met">Meat</objectNameIgnore> is all to <objectNameIgnore xml:id="old_ingredient_1" ref="#rag">Rags</objectNameIgnore> ; <objectNameIgnore xml:id="old_ingredient_2" ref="#sand">and</objectNameIgnore> Half an Hour before you strain it out , put in two or three Anchovies ; then strain it from the <objectNameIgnore xml:id="old_ingredient_3" ref="#met">Meat</objectNameIgnore> <objectNameIgnore xml:id="old_ingredient_4" ref="#sand">and</objectNameIgnore> Husks , <objectNameIgnore xml:id="old_ingredient_5" ref="#sand">and</objectNameIgnore> put in as much as you want <objectNameIgnore xml:id="utensil-6" ref="#form">for</objectNameIgnore> the Meal into a Sauce-pan , with an Onion stuck with Cloves , a Race of <objectNameIgnore xml:id="old_ingredient_7" ref="#ingwer">Ginger</objectNameIgnore> bruis 'd , a little Fagot of Thyme , Savory , Parsley , <objectNameIgnore xml:id="old_ingredient_8" ref="#sand">and</objectNameIgnore> a little Pepper . Let it boil near Half an Hour ; stir in a Piece of <objectNameIgnore xml:id="old_ingredient_9" ref="#butter">Butter</objectNameIgnore> , <objectNameIgnore xml:id="old_ingredient_10" ref="#sand">and</objectNameIgnore> fry some forc 'd <objectNameIgnore xml:id="old_ingredient_11" ref="#met">Meat</objectNameIgnore> Balls , Bacon <objectNameIgnore xml:id="old_ingredient_12" ref="#sand">and</objectNameIgnore> French Bread cut in Dice , with Spinage boil 'd <objectNameIgnore xml:id="old_ingredient_13" ref="#grieben">green</objectNameIgnore> , to put to it in the Dish .</p>
        <p>Some random date <dateIgnore xml:id="random-date">4th of july 2010</dateIgnore> for test unlistable entities, and reference to this date <dateIgnore ref="#random-date">the exact same day</dateIgnore></p>
      </div>
    </body>
  </text>
</TEI>
